{
  "filters_used": [
    {
      "path": "detect_secrets.filters.allowlist.is_line_allowlisted"
    },
    {
      "min_level": 2,
      "path": "detect_secrets.filters.common.is_ignored_due_to_verification_policies"
    },
    {
      "path": "detect_secrets.filters.heuristic.is_indirect_reference"
    },
    {
      "path": "detect_secrets.filters.heuristic.is_likely_id_string"
    },
    {
      "path": "detect_secrets.filters.heuristic.is_lock_file"
    },
    {
      "path": "detect_secrets.filters.heuristic.is_not_alphanumeric_string"
    },
    {
      "path": "detect_secrets.filters.heuristic.is_potential_uuid"
    },
    {
      "path": "detect_secrets.filters.heuristic.is_prefixed_with_dollar_sign"
    },
    {
      "path": "detect_secrets.filters.heuristic.is_sequential_string"
    },
    {
      "path": "detect_secrets.filters.heuristic.is_swagger_file"
    },
    {
      "path": "detect_secrets.filters.heuristic.is_templated_secret"
    }
  ],
  "generated_at": "2026-08-20T17:12:54Z",
  "plugins_used": [
    {
      "name": "ArtifactoryDetector"
    },
    {
      "name": "AWSKeyDetector"
    },
    {
      "name": "AzureStorageKeyDetector"
    },
    {
      "limit": 4.5,
      "name": "Base64HighEntropyString"
    },
    {
      "name": "BasicAuthDetector"
    },
    {
      "name": "CloudantDetector"
    },
    {
      "name": "DiscordBotTokenDetector"
    },
    {
      "name": "GitHubTokenDetector"
    },
    {
      "name": "GitLabTokenDetector"
    },
    {
      "limit": 3.0,
      "name": "HexHighEntropyString"
    },
    {
      "name": "IbmCloudIamDetector"
    },
    {
      "name": "IbmCosHmacDetector"
    },
    {
      "name": "IPPublicDetector"
    },
    {
      "name": "JwtTokenDetector"
    },
    {
      "keyword_exclude": "",
      "name": "KeywordDetector"
    },
    {
      "name": "MailchimpDetector"
    },
    {
      "name": "NpmDetector"
    },
    {
      "name": "OpenAIDetector"
    },
    {
      "name": "PrivateKeyDetector"
    },
    {
      "name": "PypiTokenDetector"
    },
    {
      "name": "SendGridDetector"
    },
    {
      "name": "SlackDetector"
    },
    {
      "name": "SoftlayerDetector"
    },
    {
      "name": "SquareOAuthDetector"
    },
    {
      "name": "StripeDetector"
    },
    {
      "name": "TelegramBotTokenDetector"
    },
    {
      "name": "TwilioKeyDetector"
    }
  ],
  "results": {
    "auditor/core/triage_agent.py": [
      {
        "filename": "auditor/core/triage_agent.py",
        "hashed_secret": "3cd9559c5b634c1edc4082a97fa35c1f1f67130a",
        "is_verified": false,
        "line_number": 166,
        "type": "Secret Keyword"
      }
    ],
    "tests/test_cli.py": [
      {
        "filename": "tests/test_cli.py",
        "hashed_secret": "ee977806d7286510da8b9a7492ba58e2484c0ecc",
        "is_verified": false,
        "line_number": 24,
        "type": "Basic Auth Credentials"
      }
    ],
    "tests/test_integration.py": [
      {
        "filename": "tests/test_integration.py",
        "hashed_secret": "25910f981e85ca04baf359199dd0bd4a3ae738b6",
        "is_verified": false,
        "line_number": 20,
        "type": "AWS Access Key"
      }
    ],
    "tests/test_secrets.py": [
      {
        "filename": "tests/test_secrets.py",
        "hashed_secret": "25910f981e85ca04baf359199dd0bd4a3ae738b6",
        "is_verified": false,
        "line_number": 12,
        "type": "AWS Access Key"
      },
      {
        "filename": "tests/test_secrets.py",
        "hashed_secret": "44e7211ccefbf7bd73e06a6ee63925393d1de848",
        "is_verified": false,
        "line_number": 58,
        "type": "Hex High Entropy String"
      },
      {
        "filename": "tests/test_secrets.py",
        "hashed_secret": "bd1ce0f5a86b4ad408006f94a7f5542b3d24c845",
        "is_verified": false,
        "line_number": 66,
        "type": "Hex High Entropy String"
      },
      {
        "filename": "tests/test_secrets.py",
        "hashed_secret": "1baa9968f9c6d470bb9957fd12fea784b7979650",
        "is_verified": false,
        "line_number": 289,
        "type": "AWS Access Key"
      }
    ],
    "tests/test_semantic_client.py": [
      {
        "filename": "tests/test_semantic_client.py",
        "hashed_secret": "051bc38228b85308ef7d73451da6dad485379b91",
        "is_verified": false,
        "line_number": 35,
        "type": "Secret Keyword"
      },
      {
        "filename": "tests/test_semantic_client.py",
        "hashed_secret": "380c423946f0100844e7fb3ff3da6a2acc703b30",
        "is_verified": false,
        "line_number": 41,
        "type": "Secret Keyword"
      },
      {
        "filename": "tests/test_semantic_client.py",
        "hashed_secret": "6438dce42c6762d2c0cfa51571e870b114cf216f",
        "is_verified": false,
        "line_number": 51,
        "type": "Base64 High Entropy String"
      },
      {
        "filename": "tests/test_semantic_client.py",
        "hashed_secret": "00afd9915793312890f850c0b21b642d79356ca6",
        "is_verified": false,
        "line_number": 55,
        "type": "Secret Keyword"
      }
    ],
    "tests/test_triage_agent.py": [
      {
        "filename": "tests/test_triage_agent.py",
        "hashed_secret": "0d97af2d9df1d17bf6d99a55ab41f27b807f50d2",
        "is_verified": false,
        "line_number": 130,
        "type": "Hex High Entropy String"
      },
      {
        "filename": "tests/test_triage_agent.py",
        "hashed_secret": "25910f981e85ca04baf359199dd0bd4a3ae738b6",
        "is_verified": false,
        "line_number": 204,
        "type": "AWS Access Key"
      },
      {
        "filename": "tests/test_triage_agent.py",
        "hashed_secret": "bd8af0cba2d3b0a2a5af7de87cb65edff110baeb",
        "is_verified": false,
        "line_number": 473,
        "type": "Hex High Entropy String"
      },
      {
        "filename": "tests/test_triage_agent.py",
        "hashed_secret": "1bfe4acff84f6d5807ac7b97547d1d8aa00ad502",
        "is_verified": false,
        "line_number": 488,
        "type": "Hex High Entropy String"
      },
      {
        "filename": "tests/test_triage_agent.py",
        "hashed_secret": "2abd9867cad9eeee50033bf1d4310baa0c3c2aed",
        "is_verified": false,
        "line_number": 504,
        "type": "Hex High Entropy String"
      },
      {
        "filename": "tests/test_triage_agent.py",
        "hashed_secret": "2abd9867cad9eeee50033bf1d4310baa0c3c2aed",
        "is_verified": false,
        "line_number": 504,
        "type": "Secret Keyword"
      },
      {
        "filename": "tests/test_triage_agent.py",
        "hashed_secret": "13b6fc4c59fe4538597bfc3ad77c0ee7f6e88b0b",
        "is_verified": false,
        "line_number": 523,
        "type": "Hex High Entropy String"
      },
      {
        "filename": "tests/test_triage_agent.py",
        "hashed_secret": "7dd9b33881225c7ac41dce30c1447db47c41d4af",
        "is_verified": false,
        "line_number": 896,
        "type": "Secret Keyword"
      },
      {
        "filename": "tests/test_triage_agent.py",
        "hashed_secret": "ecb714ae922b795bea18be9056224dbe75841195",
        "is_verified": false,
        "line_number": 1156,
        "type": "Hex High Entropy String"
      },
      {
        "filename": "tests/test_triage_agent.py",
        "hashed_secret": "3945c962f1c9c482784e4a4a8ffae4618656c3c4",
        "is_verified": false,
        "line_number": 1230,
        "type": "Hex High Entropy String"
      }
    ]
  },
  "version": "1.5.0"
}
